Programmer: Seiji Emery
Programmer's id: M00202623
File: /Users/semery/projects/comp220/assignment_14/src/BFS.cpp

Input file processed


Enter the start city [blank to exit]: BFS-San Francisco-Eureka-Redding-Sacramento-Fresno-Bakersfield-San Luis Obispo-Coos Bay-Grants Pass-Klamath Falls-Lakeview-Reno-Bishop-Barstow-Los Angeles-Winnemucca-Ely-Las Vegas-San Diego-Needles-Blythe-Yuma

Enter the start city [blank to exit]: BFS-Yuma-Los Angeles-Blythe-San Diego-Bishop-San Luis Obispo-Bakersfield-Barstow-Needles-Sacramento-Reno-Winnemucca-Ely-Las Vegas-San Francisco-Fresno-Redding-Eureka-Grants Pass-Klamath Falls-Lakeview-Coos Bay

Enter the start city [blank to exit]: 